[ukit.com/neowizard/getTemplatePreviewPageafd0.html]
[backblue.gif]
[fade.gif]
[index.html]
[ukit.com/js/lib/modernizr-webp7708.js]
[ukit.com/css/devicePublish.min7708.css]
[ukit.com/css/lib/bootstrap.min7708.css]
[ukit.com/js/ulib/performance7708.js]
[ukit.com/templates/c_bestmodels/css/main-g-theme-site-3-desktop.css]
[ukit.com/templates/c_bestmodels/css/main-g-theme-site-3-tablet.css]
[ukit.com/templates/c_bestmodels/css/main-g-theme-site-3-phone.css]
[ukit.com/templates/c_bestmodels/css/main-g-theme-site-2-desktop.css]
[ukit.com/templates/c_bestmodels/css/main-g-theme-site-2-tablet.css]
[ukit.com/templates/c_bestmodels/css/main-g-theme-site-2-phone.css]
[ukit.com/templates/c_bestmodels/css/main-g-theme-site-1-desktop.css]
[ukit.com/templates/c_bestmodels/css/main-g-theme-site-1-tablet.css]
[ukit.com/templates/c_bestmodels/css/main-g-theme-site-1-phone.css]
[ukit.com/templates/c_bestmodels/img/full_3eFTzsdO.jpg]
[ukit.com/templates/c_bestmodels/img/full_H51vfDYJ.jpg]
[ukit.com/templates/c_bestmodels/img/full_tfwEpCnf.jpg]
[ukit.com/templates/c_bestmodels/img/full_qSupNQVy.jpg]
[ukit.com/templates/c_bestmodels/img/full_JPwIi0bJ.jpg]
[ukit.com/templates/c_bestmodels/img/full_U70Ve5ml.jpg]
[ukit.com/templates/c_bestmodels/img/full_xAnprvni.jpg]
[ukit.com/templates/c_bestmodels/img/rJ9mVYfv.jpg]
[ukit.com/dist-version/css/pub.v17708.css]
[maxcdn.bootstrapcdn.com/font-awesome/4.2.0/css/font-awesome.min.css]
[ukit.com/css/lib/fontawesome-brand.min.css]
[ukit.com/widgets/mainmenu/js/fontobserver.js]
[ukit.com/widgets/mainmenu/js/preView.js]
[ukit.com/templates/c_bestmodels/img/autocrop/f279962a59f457a02645f57a77284116.jpg]
[ukit.com/templates/c_bestmodels/img/autocrop/41c6f001548df7008d3f4e70619f883c.jpg]
[ukit.com/templates/c_bestmodels/img/autocrop/77293e4e52690bf0024e7d558711944e.jpg]
[ukit.com/templates/c_bestmodels/img/full_bEkG7lSN.jpg]
[ukit.com/templates/c_bestmodels/img/autocrop/870c8ed7d817ac41c2f016f53734fd3e.jpg]
[ukit.com/templates/c_bestmodels/img/full_9PZnEMmT.jpg]
[ukit.com/templates/c_bestmodels/img/autocrop/777589f82701965065804e0176ccc0c5.jpg]
[ukit.com/templates/c_bestmodels/img/full_pW8wvJ09.jpg]
[ukit.com/templates/c_bestmodels/img/autocrop/643d3fbaae0531d0564245512291be5b.jpg]
[ukit.com/js/lib/requirejs.min7708.js]
[ukit.com/js/requireConf7708.js]
[ukit.com/dist-version/js/pub.v1.bundle7708.js]
[ukit.com/js/lib/cssrelpreload7708.js]
[ukit.com/js/ulib/critical7708.js]
[ukit.com/js/ulib/calcHeaderHeight7708.js]
[ukit.com/js/ulib/upbutton7708.js]
[ukit.com/js/ulib/backgroundBlockColor7708.js]
[ukit.com/neowizard/getTemplatePreviewPageafd0.html]
[ukit.com/css/devicePublish.min7708.css]
[ukit.com/css/lib/bootstrap.min7708.css]
[ukit.com/templates/c_bestmodels/css/main-g-theme-site-3-desktop.css]
[ukit.com/templates/c_bestmodels/css/main-g-theme-site-3-tablet.css]
[ukit.com/templates/c_bestmodels/css/main-g-theme-site-3-phone.css]
[ukit.com/templates/c_bestmodels/css/main-g-theme-site-2-desktop.css]
[ukit.com/templates/c_bestmodels/css/main-g-theme-site-2-tablet.css]
[ukit.com/templates/c_bestmodels/css/main-g-theme-site-2-phone.css]
[ukit.com/templates/c_bestmodels/css/main-g-theme-site-1-desktop.css]
[ukit.com/templates/c_bestmodels/css/main-g-theme-site-1-tablet.css]
[ukit.com/templates/c_bestmodels/css/main-g-theme-site-1-phone.css]
[ukit.com/dist-version/css/pub.v17708.css]
[maxcdn.bootstrapcdn.com/font-awesome/4.2.0/css/font-awesome.min.css]
[ukit.com/css/lib/fontawesome-brand.min.css]
[ukit.com/js/ulib/headerFooter7708.js]
